// Jest Snapshot v1, https://goo.gl/fbAQLP

exports[`#generateSitemap should generate sitemap 1`] = `
"<?xml version=\\"1.0\\" encoding=\\"UTF-8\\"?>
<urlset xmlns=\\"http://www.sitemaps.org/schemas/sitemap/0.9\\" xmlns:news=\\"http://www.google.com/schemas/sitemap-news/0.9\\" xmlns:xhtml=\\"http://www.w3.org/1999/xhtml\\" xmlns:mobile=\\"http://www.google.com/schemas/sitemap-mobile/1.0\\" xmlns:image=\\"http://www.google.com/schemas/sitemap-image/1.1\\" xmlns:video=\\"http://www.google.com/schemas/sitemap-video/1.1\\">
<url> <loc>https://www.smooth-code.com/</loc> <changefreq>weekly</changefreq> <priority>1.0</priority> </url>
<url> <loc>https://www.smooth-code.com/formations</loc> <changefreq>weekly</changefreq> <priority>0.8</priority> </url>
<url> <loc>https://www.smooth-code.com/notre-histoire</loc> <priority>0.6</priority> </url>
<url> <loc>https://www.smooth-code.com/contact</loc> <priority>0.6</priority> </url>
<url> <loc>https://www.smooth-code.com/formations/5</loc> <lastmod>2017-01-01T00:00:00.000Z</lastmod> <changefreq>weekly</changefreq> <priority>0.9</priority> </url>
<url> <loc>https://www.smooth-code.com/formations/4</loc> <lastmod>2017-01-01T00:00:00.000Z</lastmod> <changefreq>weekly</changefreq> <priority>0.9</priority> </url>
<url> <loc>https://www.smooth-code.com/formations/3</loc> <lastmod>2017-01-01T00:00:00.000Z</lastmod> <changefreq>weekly</changefreq> <priority>0.9</priority> </url>
<url> <loc>https://www.smooth-code.com/formations/1</loc> <lastmod>2017-01-01T00:00:00.000Z</lastmod> <changefreq>weekly</changefreq> <priority>0.9</priority> </url>
<url> <loc>https://www.smooth-code.com/formations/2</loc> <lastmod>2017-01-01T00:00:00.000Z</lastmod> <changefreq>weekly</changefreq> <priority>0.9</priority> </url>
</urlset>"
`;
