// Jest Snapshot v1, https://goo.gl/fbAQLP

exports[`graphql trainings should return custom trainer 1`] = `
Object {
  "data": Object {
    "trainer": Object {
      "fullName": "Greg Bergé",
    },
  },
}
`;

exports[`graphql trainings should return custom training 1`] = `
Object {
  "data": Object {
    "training": Object {
      "trainers": Array [
        Object {
          "fullName": "Greg Bergé",
        },
        Object {
          "fullName": "Adrien Joly",
        },
      ],
    },
  },
}
`;

exports[`graphql trainings should return trainings 1`] = `
Object {
  "data": Object {
    "trainings": Array [
      Object {
        "abstract": "Découvrez les nouveautés apportées par ES6 / ES2015, ES2016 et ES2017",
        "cloudinary_id": "training-javascript",
        "description": "JavaScript est un langage en perpétuelle évolution, chaque année des nouveautés y sont apportées. La formation **JavaScript ES2017** se focalise sur les innovations apportées au langage par **ES2015 (ES6)**, **ES2016** et **ES2017**.

Nous présenterons la **destructuration**, les **modules**, les **arrow functions**, les **classes** et les **générateurs**. Nous aborderons aussi la gestion de l’asynchrone de manière élégante avec les **promises** et **async / await**. Côté outillage nous parlerons de **Babel**, **Webpack** et **ESLint** pour vous permettre d'intégrer les nouvelles fonctionnalités dans vos projets.

Un projet sera réalisé en fil rouge. Vous pourrez ainsi mettre en pratique les nouveautés évoquées tout au long de la formation.

### Objectifs
- Découvrir les nouveautés apportées par ES2015 (ES6), ES2016 et ES2017
- Être capable d’utiliser ces nouveautés en production dès le lendemain

### Pré-requis
- Notions de base en développement ou connaissance d'un autre langage de programmation.",
        "duration": 4,
        "name": "JavaScript ES2017",
        "sessions": Array [],
      },
      Object {
        "abstract": "Libérez la puissance du JavaScript côté serveur",
        "cloudinary_id": "nodejs_jxent0",
        "description": "En quelques années Node.js a complètement révolutionné le développement des applications web. Offrant des **performances optimales** et une **flexibilité sans égale**, Node.js a su s'imposer comme le choix de prédilection pour concevoir des applications web. **Basé sur le moteur V8 du navigateur Chrome**, il permet de **faire tourner le même code côté client et côté serveur**. Node.js tire également sa force de son **gestionnaire de paquet \\"npm\\"** qui comptabilise plus de **475 000 modules disponibles**.

Utilisé par tous [**les géants du web**](https://nodejs.org/en/foundation/case-studies/), Node.js est aujourd'hui incontournable. En plus de permettre la **création d'applications web réactives grâce à WebSocket**, Node.js permet d'utiliser les **nouveaux outils de développement en ligne de commande** comme Webpack, Babel ou ESLint.

Dans cette formation vous découvrirez comment écrire du code **JavaScript moderne (ES2017) avec [Babel](https://babeljs.io/)**, profiter de l'écosystème grâce à **[npm](https://www.npmjs.com) et ses modules**,  maîtriser **l'asynchrone avec \`async\` / \`await\`**,  créer un **serveur web avec [Express](https://expressjs.com/) ou [Koa](http://koajs.com/)**,  créer des **interfaces réactives avec [Socket.io](https://socket.io/)** et écrire du **code isomorphique (client et serveur)**, **se connecter à une base de données avec [knex](http://knexjs.org/)**, **tester son code avec [Jest](https://facebook.github.io/jest/)**.

Un projet complet sera réalisé en fil rouge durant toute la formation, cela vous permettra de mettre en pratique toutes les nouveautés qui vous seront présentées.

### Objectifs
- Savoir installer et utiliser Node.js et npm
- Comprendre le fonctionnement de Node.js
- Savoir créer une application web avec Node.js
- Apprendre à structurer son code de manière optimale
- Être capable de tester son code Node.js

### Pré-requis
- Des bases en JavaScript
- Notions de fonctionnement basiques du web (client, server, HTTP,  requêtes, etc...)",
        "duration": 4,
        "name": "Node.js",
        "sessions": Array [],
      },
      Object {
        "abstract": "Apprenez à créer des interfaces web modernes, fluides et interactives",
        "cloudinary_id": "training-react",
        "description": "React est un moteur de rendu développé par Facebook se démarquant de la concurrence grâce à son architecture innovante, efficace et performante. React a maintenant une place incontestable dans l'écosystème JavaScript.


Pendant cette formation, vous découvrirez l'univers React et comment l'utiliser de façon optimale dans vos projets. Nous aborderons tous les aspects de React : sa philosophie, les **components**, les **applications isomorphiques**, mais aussi **comment bien architecturer son application**, l'**optimiser** et la **déboguer**. Nous vous accompagnerons dans l'installation d'un environnement optimal pour le développement en React avec les outils : **Atom**, **Babel**, **Prettier** et **ESLint**.

Un projet complet sera réalisé en fil rouge durant toute la formation pour vous permettre de mettre en pratique chacune des nouveautés présentées.

### Objectifs
- Découvrir React et maîtriser ses particularités
- Construire votre première application React en respectant les bonnes pratiques
- Utiliser les outils de développement adaptés
- Installer, configurer et utiliser les bibliothèques nécessaires
- Savoir comment intégrer React dans vos projets dès le lendemain

### Pré-requis
- Niveau JavaScript intermédiaire",
        "duration": 3,
        "name": "React",
        "sessions": Array [],
      },
      Object {
        "abstract": "Maîtrisez la programmation réactive",
        "cloudinary_id": "training-rxjs",
        "description": "La programmation fonctionnelle est maintenant incontournable dans l'écosystème JavaScript. Mise en avant par Lodash, puis par React et Redux, elle ouvre de nouvelles portes dans le développement web. La programmation Réactive peut être considérée comme l'étape suivante à la programmation fonctionnelle. Popularisée par Angular, le type Observable (cœur de la programmation Réactive) est en cours de standardisation et fera bientôt partie du langage.

La programmation Réactive Fonctionnelle permet de modéliser du code asynchrone sous la forme d'une simple collection avec une dimension temporelle. Très puissante, elle peut-être cependant difficile à appréhender.

RxJS est la bibliothèque la plus complète et la plus populaire pour appliquer ce paradigme. Elle est notamment utilisée dans Angular, ce qui fait d'elle une librairie incontournable.

Dans cette formation vous comprendrez la différence d'approche **pull / push**, le pattern **Observable** et **Observer** et l'**API RxJS dans des cas d'utilisation réels**.

Plusieurs exercices concrets tout au long de la formation vous permettront de mettre en pratique les concepts vus lors de ces deux jours.

### Objectifs
- Comprendre le paradigme de programmation réactive
- Maitriser la librairie RxJS (Développement et Test)
- Savoir appliquer la programmation réactive sur des cas réels

### Pré-requis
- Niveau intermédiaire en JavaScript",
        "duration": 2,
        "name": "RxJS",
        "sessions": Array [],
      },
      Object {
        "abstract": "Créez des API modernes et évolutives avec GraphQL",
        "cloudinary_id": "training-graphql",
        "description": "GraphQL est une spécification de requêtes permettant de structurer les réponses à volonté. Elle donne lieu à une nouvelle manière de concevoir des API. En 2012, Facebook se sentait bridé par les limitations des API REST traditionnelles, et a donc conçu GraphQL, une API caractérisée par un seul point d'accès et une architecture sous forme de graphe.

Dans cette formation vous découvrirez **une présentation rapide de GraphQL**. S'ensuivra un comparatif entre **une API GraphQL et une API REST traditionnelle**. Vous explorerez l'ensemble de la spécification, les **Query**, les **Types**, les **Mutations**, les **Fragments** et apprendrez comment l'utiliser dans vos projets de manière concrète.

Un projet complet sera réalisé en fil rouge durant toute la formation, cela vous permettra de mettre en pratique chacune des nouveautés au fil de la formation.

### Objectifs
- Se familiariser avec GraphQL
- Imaginer et modéliser une API GraphQL
- Déployer et utiliser une API GraphQL dans un environnement JavaScript

### Pré-requis
- Notions de fonctionnement basiques du web (client, server, HTTP,  requêtes, etc...)
- Des bases en Node.js
- Des bases en React",
        "duration": 2,
        "name": "GraphQL",
        "sessions": Array [],
      },
      Object {
        "abstract": "Passez à la vitesse supérieure en matière de test JavaScript",
        "cloudinary_id": "training-jest",
        "description": "Jest est le framework de test développé et  utilisé par Facebook. Créé en 2014, il s'est imposé comme référence en tant que framework de tests JavaScript. Jest permet d'optimiser le temps passé à écrire les tests en fournissant un environnement unifié et performant pour une expérience optimale. Il a notamment popularisé le snapshot testing.

Dans cette formation nous verrons comment utiliser Jest pour **tester vos composants React** et **tester votre code côté serveur (Node.js)**. Nous explorerons ensemble le système d'**assertions**, de **mocking** ainsi que le **snapshot testing**. Nous verrons également comment implémenter une **couverture de code simple et efficace avec codecov**.

Nous implémenterons des tests sur des exemples précis pour  vous permettre de faire le parallèle avec vos projets.

### Objectifs
- Maîtriser les meilleures pratiques de test pour des composants React avec Jest
- Savoir utiliser Jest pour tester des modules Node.js

### Pré-requis
- Notions de base en React
- Notions de base en Node.js",
        "duration": 1,
        "name": "Jest",
        "sessions": Array [],
      },
      Object {
        "abstract": "Créez votre première application React en une journée",
        "cloudinary_id": "react-intro_eiiuhv",
        "description": "Vous avez probablement déjà entendu parlé de React, cette technologie popularisée par Facebook permettant de créer des applications réactives et performantes. React a maintenant une place incontestable dans l'écosystème JavaScript. Le maîtriser vous ouvrira les portes du développement front-end, la compétence la plus demandée sur le marché aujourd'hui.

Grâce à cette initiation, vous découvrirez comment créer une application React, l'architecturer, la tester et l'optimiser. Vous serez capable de le mettre en pratique dès demain sur vos projets personnels ou chez des clients.

Tout au long de la journée, vous serez guidé dans la réalisation d'un projet complet en alternant théorie et pratique.

### Objectifs
- Découvrir React
- Construire votre première application React
- Avoir les bases pour aller plus loin

### Pré-requis
- Niveau JavaScript intermédiaire
- Votre ordinateur portable",
        "duration": 1,
        "name": "Initiation à React",
        "sessions": Array [
          Object {
            "location": Object {
              "city": "Paris",
              "name": "Smooth Code",
            },
            "start_date": "2017-12-06",
          },
        ],
      },
    ],
  },
}
`;
