// Jest Snapshot v1, https://goo.gl/fbAQLP

exports[`H1 should render a h1 1`] = `
<h1
  className="sc-bdVaJa hqVBEH"
>
  Hello
</h1>
`;
