// Jest Snapshot v1, https://goo.gl/fbAQLP

exports[`Input  should render an input 1`] = `
.css-1camfti,
[data-css-1camfti] {
  -webkit-transition: border-color 200ms;
  border-radius: 3px;
  height: 38px;
  padding: 0 10px;
  font-size: 15px;
  line-height: 38px;
  display: inline-block;
  border-width: 1px;
  border-style: solid;
  font-family: 'Roboto', sans-serif;
  border-color: #CCC;
  color: #333;
  transition: border-color 200ms;
}

.css-1camfti:focus,
[data-css-1camfti]:focus {
  border-color: #333;
  outline: 0;
}

<input
  className="css-1camfti"
/>
`;
