// Jest Snapshot v1, https://goo.gl/fbAQLP

exports[`Lead should render a p 1`] = `
<p
  className="Lead__Lead-s78qw09-0 cytdxL"
>
  Hello
</p>
`;
