// Jest Snapshot v1, https://goo.gl/fbAQLP

exports[`MainTitle should render a h1 1`] = `
<h1
  className="MainTitle-s1e8ozd8-0 iJrely"
>
  Hello
</h1>
`;
