// Jest Snapshot v1, https://goo.gl/fbAQLP

exports[`SecondaryTitle should render a h2 1`] = `
<h2
  className="SecondaryTitle-s1o6tp06-0 irQbez"
>
  Hello
</h2>
`;
