// Jest Snapshot v1, https://goo.gl/fbAQLP

exports[`Textarea  should render a textarea 1`] = `
<textarea
  className="Textarea-s18acso7-0 eeJoKt"
/>
`;
